<a class="govuk-button test-css-class" data-module="govuk-button" href="test-href" role="button" draggable="false" attr-name="attr-value">

test html        </a>