<a class="govuk-button test-css-class govuk-button--disabled" data-module="govuk-button" role="button" draggable="false" attr-name="attr-value">

test html        </a>