

<div class="govuk-notification-banner govuk-notification-banner--success custom-class"
     role="alert"
     aria-labelledby="title-id"
     data-module="govuk-notification-banner"
     data-disable-auto-focus=&quot;true&quot;
     >
    <div class="govuk-notification-banner__header">
        <h3 class="govuk-notification-banner__title" id="title-id">

Title text        </h3>
    </div>
    <div class="govuk-notification-banner__content">

<p class="govuk-notification-banner__heading">Banner text</p>    </div>
</div>
