

    <form method="POST" action="link_after_accept_or_reject">
        <input id="ReturnUrl" name="ReturnUrl" type="hidden" value="original_url" />
        <div class="govuk-cookie-banner " data-nosnippet role="region" aria-label="Cookies on our service">
            <div class="govuk-cookie-banner__message govuk-width-container">
                    <div class="govuk-grid-row">
                        <div class="govuk-grid-column-two-thirds">

                            <div class="govuk-cookie-banner__content">
                                <p class="govuk-body">You’ve accepted additional cookies. You can <a class="govuk-link" href="link_to_view_cookies">change your cookie settings</a> at any time.</p>
                            </div>
                        </div>
                    </div>


        <button class="govuk-button "
                data-module="govuk-button"
                value="hide"
                type="submit"
                name="consent"
                
                aria-disabled="false"
                data-prevent-double-click="false"
                >

Hide this message        </button>
            </div>
        </div>

    </form>
