
<div class="govuk-cookie-banner banner-classes" data-nosnippet role="region" aria-label="Cookies on unnamed service"
     
     >
    

<div class="govuk-cookie-banner__message govuk-width-container message-classes"
     role=&quot;Banner&quot;
     
     >
     
    <div class="govuk-grid-row">
        <div class="govuk-grid-column-two-thirds">
                <h2 class="govuk-cookie-banner__heading govuk-heading-m">

Heading text                </h2>
            
            <div class="govuk-cookie-banner__content">

Message text            </div>
            
                <div class="govuk-button-group">



        <a class="govuk-button action-classes"
           data-module="govuk-button"
           
                   href="#"
                          role="button"
           draggable="false"
           >

Button text        </a>
                </div>
        </div>
    </div>
</div></div>