

<div class="govuk-form-group govuk-form-group--error">

<fieldset class="govuk-fieldset"
          aria-describedby="test-fieldset-described-by test-id-error test-id-hint"
          >





            <legend class="govuk-fieldset__legend">

test legend            </legend>
             

<div class="govuk-hint"
      id="test-id-hint"
      >

test-hint</div>
<span class="govuk-error-message"
      id="test-id-error"
      >
    <span class="govuk-visually-hidden">Error</span>

test-error</span>
        <div class="govuk-date-input test-css-class">

<div class="govuk-date-input__item">
    <div class="govuk-form-group">
        <label class="govuk-label govuk-date-input__label" for="test-id-test-item-name">
            Test-item-name
        </label>
        <input class="govuk-input govuk-date-input__input"
               id="test-id-test-item-name"
               name="test-name-prefix-test-item-name"
               type="number"
               value="test item value"
               pattern="[0-9]*"
               >
    </div>
</div>        </div>
    
</fieldset></div>
