
<div class="govuk-form-group form-group-classes ">





            <label class="govuk-label"
                   
                   for="test-id">

test-label            </label>
             <input class="govuk-file-upload  cssClass "
           id="test-id"
           name="test-name"
           type="file"
           attr-name="attr-value">
</div>
