
<div class="govuk-form-group form-group-classes govuk-form-group--error">

<div class="govuk-hint"
      id="test-id-hint"
      >

test-hint</div>
<span class="govuk-error-message"
      id="test-id-error"
      >
    <span class="govuk-visually-hidden">Error</span>

test-error</span>    <input class="govuk-file-upload  cssClass govuk-file-upload--error"
           id=test-id
           name=test-name
           type="file"
           aria-describedby="test-described-by test-id-hint test-id-error"
           attr-name="attr-value">
</div>
