
<div class="govuk-form-group form-group-classes ">





            <label class="govuk-label"
                   
                   for="test-id">

test-label            </label>
         
<div class="govuk-hint"
      id="test-id-hint"
      >

test-hint</div>    <input class="govuk-file-upload  cssClass "
           id="test-id"
           name="test-name"
           type="file"
           aria-describedby="test-described-by test-id-hint"
           attr-name="attr-value">
</div>
