

<fieldset class="govuk-fieldset"
          aria-describedby="test-fieldset-described-by test-id-prefix-error test-id-prefix-hint"
          >





            <legend class="govuk-fieldset__legend">

test legend            </legend>
             
            <div class="govuk-form-group form-group-classes govuk-form-group--error">

<div class="govuk-hint"
      id="test-id-prefix-hint"
      >

test-hint</div>
<span class="govuk-error-message"
      id="test-id-prefix-error"
      >
    <span class="govuk-visually-hidden">Error</span>

test-error</span>                <div class="govuk-checkboxes test-css-class govuk-checkboxes--conditional" 
                     data-module="govuk-checkboxes"                      attr-name="attr-value">




<div class="govuk-checkboxes__item ">
    <input class="govuk-checkboxes__input"
           id="test-id-prefix-0"
           name="test-name"
           type="checkbox"
           value="test item value"
           
           
data-aria-controls="conditional-test-id-prefix-0"            >

</div>
        <div class="govuk-checkboxes__conditional govuk-checkboxes__conditional--hidden"
             id="conditional-test-id-prefix-0">

test item conditional text        </div>
                </div>
            </div>
         
</fieldset>