

<fieldset class="govuk-fieldset"
          >





            <legend class="govuk-fieldset__legend">

test legend            </legend>
             
            <div class="govuk-form-group form-group-classes ">
                <div class="govuk-checkboxes test-css-class " 
                     
                     attr-name="attr-value">




<div class="govuk-checkboxes__item ">
    <input class="govuk-checkboxes__input"
           id="test-id-prefix-0"
           name="test-name"
           type="checkbox"
           value="test item value"
           
           
           >

</div>
                </div>
            </div>
         
</fieldset>