

        <div class="govuk-checkboxes__divider">test-divider</div>

<div class="govuk-checkboxes__item test-css-class">
    <input class="govuk-checkboxes__input"
           id="test-id"
           name="test-name"
           type="checkbox"
           value="test value"
           checked
           
           data-aria-controls="conditional-test-id"
           aria-describedby="test-id-item-hint"
           attr-name="attr-value">






            <label class="govuk-label govuk-checkboxes__label "
                   
                   for="test-id">

test-label            </label>
         
<div class="govuk-hint govuk-checkboxes__hint"
      id="test-id-item-hint"
      >

test-hint</div></div>
        <div class="govuk-checkboxes__conditional "
             id="conditional-test-id">

test-conditional-text        </div>
