

        <div class="govuk-checkboxes__divider">test-divider</div>

<div class="govuk-checkboxes__item test-css-class">
    <input class="govuk-checkboxes__input"
           id="test-id"
           name="test-name"
           type="checkbox"
           value="test value"
           
           
data-aria-controls="conditional-test-id"            attr-name="attr-value">






            <label class="govuk-label govuk-checkboxes__label "
                   
                   for="test-id">

test-label            </label>
         </div>
        <div class="govuk-checkboxes__conditional govuk-checkboxes__conditional--hidden"
             id="conditional-test-id">

test-conditional-text        </div>
