<label class="govuk-label cssClass" attr-name="attr-value" for="for">

html    </label>