<h1 class="govuk-label-wrapper" indent="2">
  <label class="govuk-label cssClass" attr-name="attr-value" for="for">

html        </label>
</h1>