<legend class="govuk-fieldset__legend cssClass">
  <h1 class="govuk-fieldset__heading">

html        </h1>
</legend>