<legend class="govuk-fieldset__legend cssClass">

text            </legend>