<legend class="govuk-fieldset__legend cssClass">

html</legend>