<div class="govuk-notification-banner govuk-notification-banner--success custom-class" role="region" aria-labelledby="title-id" data-module="govuk-notification-banner" data-disable-auto-focus="true">
  <div class="govuk-notification-banner__header">
    <h3 class="govuk-notification-banner__title" id="title-id">

html title        </h3>
  </div>
  <div class="govuk-notification-banner__content">

html text    </div>
</div>