<div class="govuk-panel govuk-panel--confirmation panel-class">
  <h1 class="govuk-panel__title">

Title text    </h1>
  <div class="govuk-panel__body">

Panel text    </div>
</div>