<div class="govuk-panel govuk-panel--confirmation panel-class">
  <h1 class="govuk-panel__title">

Html title    </h1>
  <div class="govuk-panel__body">

Html body    </div>
</div>