
<div class="govuk-form-group form-group-classes ">





            <label class="govuk-label"
                   
                   for="test-id">

test-label            </label>
         
<div class="govuk-hint"
      id="test-id-hint"
      >

test-hint</div>    <select class="govuk-select test-css-class "
            id="test-id"
            name="test-name"
            aria-describedby="test-described-by test-id-hint"
            attr-name="attr-value">
            <option value="test-item-value"
                    selected
                    
                    item-attr-name="item-attr-value">
                Test Item Text
            </option>
    </select>
</div>