
<div class="govuk-form-group form-group-classes govuk-form-group--error">





            <label class="govuk-label"
                   
                   for="test-id">

test-label            </label>
         
<div class="govuk-hint"
      id="test-id-hint"
      >

test-hint</div>
<span class="govuk-error-message"
      id="test-id-error"
      >
    <span class="govuk-visually-hidden">Error</span>

test-error</span>    <select class="govuk-select test-css-class govuk-select--error"
            id="test-id"
            name="test-name"
            aria-describedby="test-described-by test-id-hint test-id-error"
            attr-name="attr-value">
            <option value="test-item-value"
                    
                    disabled
                    item-attr-name="item-attr-value">
                Test Item Text
            </option>
    </select>
</div>