<div class="govuk-form-group form-group-classes ">
  <label class="govuk-label" for="test-id">

test-label            </label>
  <textarea class="govuk-textarea test-css-class " id="test-id" name="test-name" rows="3" autocomplete="test autocomplete" attr-name="attr-value">test value</textarea>
</div>