<div class="govuk-form-group form-group-classes ">
  <label class="govuk-label" for="test-id">

test-label            </label>
  <div class="govuk-hint" id="test-id-hint">

test-hint</div>
  <textarea class="govuk-textarea test-css-class " id="test-id" name="test-name" rows="3" aria-describedby="test-described-by test-id-hint" autocomplete="test autocomplete" attr-name="attr-value">test value</textarea>
</div>