<div class="govuk-form-group form-group-classes govuk-form-group--error">
  <label class="govuk-label" for="test-id">

test-label            </label>
  <div class="govuk-hint" id="test-id-hint">

test-hint</div>
  <span class="govuk-error-message" id="test-id-error">
    <span class="govuk-visually-hidden">Error</span>

test-error</span>
  <textarea class="govuk-textarea test-css-class govuk-textarea--error" id="test-id" name="test-name" rows="3" aria-describedby="test-described-by test-id-hint test-id-error" autocomplete="test autocomplete" attr-name="attr-value">test value</textarea>
</div>