<div class="govuk-warning-text test-class" key="value">
  <span class="govuk-warning-text__icon" aria-hidden="true">!</span>
  <strong class="govuk-warning-text__text">
    <span class="govuk-warning-text__assistive">Warning</span>

html    </strong>
</div>